1 INT int
1 ID main
1 LPAREN (
1 RPAREN )
1 LBRACE {
2 INT int
2 ID a
2 ASSIGN =
2 NUM 1
2 BINOP +
2 NUM 2
2 SC ;
Error @
