1 ID string
1 ID dontyoudare
1 ASSIGN =
1 STRING https://www.youtube.com/watch?v=dQw4w9WgXcQ
