1 STRING +n

adwq
Error undefined escape sequence z
